[     406ms] [INFO] %cDownload the React DevTools for a better development experience: https://react.dev/link/react-devtools font-weight:bold @ http://localhost:3000/_next/static/chunks/node_modules_next_dist_115brz8._.js:2431
[     490ms] [LOG] [HMR] connected @ http://localhost:3000/_next/static/chunks/node_modules_next_dist_115brz8._.js:2431
[  195668ms] [ERROR] WebSocket connection to 'ws://localhost:3000/_next/webpack-hmr?id=wA1iKO-Q_z45feIMOpd8_' failed: Error in connection establishment: net::ERR_CONNECTION_REFUSED @ http://localhost:3000/_next/static/chunks/node_modules_next_dist_client_0fhqo1d._.js:13299
[  196670ms] [ERROR] WebSocket connection to 'ws://localhost:3000/_next/webpack-hmr?id=wA1iKO-Q_z45feIMOpd8_' failed: Error in connection establishment: net::ERR_CONNECTION_REFUSED @ http://localhost:3000/_next/static/chunks/node_modules_next_dist_client_0fhqo1d._.js:13299
[  197672ms] [ERROR] WebSocket connection to 'ws://localhost:3000/_next/webpack-hmr?id=wA1iKO-Q_z45feIMOpd8_' failed: Error in connection establishment: net::ERR_CONNECTION_REFUSED @ http://localhost:3000/_next/static/chunks/node_modules_next_dist_client_0fhqo1d._.js:13299
[  198675ms] [ERROR] WebSocket connection to 'ws://localhost:3000/_next/webpack-hmr?id=wA1iKO-Q_z45feIMOpd8_' failed: Error in connection establishment: net::ERR_CONNECTION_REFUSED @ http://localhost:3000/_next/static/chunks/node_modules_next_dist_client_0fhqo1d._.js:13299
[  199677ms] [ERROR] WebSocket connection to 'ws://localhost:3000/_next/webpack-hmr?id=wA1iKO-Q_z45feIMOpd8_' failed: Error in connection establishment: net::ERR_CONNECTION_REFUSED @ http://localhost:3000/_next/static/chunks/node_modules_next_dist_client_0fhqo1d._.js:13299
[  204680ms] [ERROR] WebSocket connection to 'ws://localhost:3000/_next/webpack-hmr?id=wA1iKO-Q_z45feIMOpd8_' failed: Error in connection establishment: net::ERR_CONNECTION_REFUSED @ http://localhost:3000/_next/static/chunks/node_modules_next_dist_client_0fhqo1d._.js:13299
[  209685ms] [ERROR] WebSocket connection to 'ws://localhost:3000/_next/webpack-hmr?id=wA1iKO-Q_z45feIMOpd8_' failed: Error in connection establishment: net::ERR_CONNECTION_REFUSED @ http://localhost:3000/_next/static/chunks/node_modules_next_dist_client_0fhqo1d._.js:13299
[  214691ms] [ERROR] WebSocket connection to 'ws://localhost:3000/_next/webpack-hmr?id=wA1iKO-Q_z45feIMOpd8_' failed: Error in connection establishment: net::ERR_CONNECTION_REFUSED @ http://localhost:3000/_next/static/chunks/node_modules_next_dist_client_0fhqo1d._.js:13299
[  219696ms] [ERROR] WebSocket connection to 'ws://localhost:3000/_next/webpack-hmr?id=wA1iKO-Q_z45feIMOpd8_' failed: Error in connection establishment: net::ERR_CONNECTION_REFUSED @ http://localhost:3000/_next/static/chunks/node_modules_next_dist_client_0fhqo1d._.js:13299
[  224701ms] [ERROR] WebSocket connection to 'ws://localhost:3000/_next/webpack-hmr?id=wA1iKO-Q_z45feIMOpd8_' failed: Error in connection establishment: net::ERR_CONNECTION_REFUSED @ http://localhost:3000/_next/static/chunks/node_modules_next_dist_client_0fhqo1d._.js:13299
[  229705ms] [ERROR] WebSocket connection to 'ws://localhost:3000/_next/webpack-hmr?id=wA1iKO-Q_z45feIMOpd8_' failed: Error in connection establishment: net::ERR_CONNECTION_REFUSED @ http://localhost:3000/_next/static/chunks/node_modules_next_dist_client_0fhqo1d._.js:13299
[  234706ms] [ERROR] WebSocket connection to 'ws://localhost:3000/_next/webpack-hmr?id=wA1iKO-Q_z45feIMOpd8_' failed: Error in connection establishment: net::ERR_CONNECTION_REFUSED @ http://localhost:3000/_next/static/chunks/node_modules_next_dist_client_0fhqo1d._.js:13299
[  632169ms] [INFO] %cDownload the React DevTools for a better development experience: https://react.dev/link/react-devtools font-weight:bold @ http://localhost:3000/_next/static/chunks/node_modules_next_dist_115brz8._.js:2431
[  632306ms] [LOG] [HMR] connected @ http://localhost:3000/_next/static/chunks/node_modules_next_dist_115brz8._.js:2431
[  853986ms] [LOG] [Fast Refresh] rebuilding @ http://localhost:3000/_next/static/chunks/node_modules_next_dist_115brz8._.js:2431
[  853995ms] [LOG] [Fast Refresh] done in 110ms @ http://localhost:3000/_next/static/chunks/node_modules_next_dist_115brz8._.js:2431
[  860992ms] [LOG] [Fast Refresh] rebuilding @ http://localhost:3000/_next/static/chunks/node_modules_next_dist_115brz8._.js:2431
[  861497ms] [LOG] [Fast Refresh] done in 606ms @ http://localhost:3000/_next/static/chunks/node_modules_next_dist_115brz8._.js:2431
[  861662ms] [LOG] [Fast Refresh] rebuilding @ http://localhost:3000/_next/static/chunks/node_modules_next_dist_115brz8._.js:2431
[  862066ms] [LOG] [Fast Refresh] done in 504ms @ http://localhost:3000/_next/static/chunks/node_modules_next_dist_115brz8._.js:2431
[ 3246368ms] [LOG] [HMR] connected @ http://localhost:3000/_next/static/chunks/node_modules_next_dist_115brz8._.js:2431
[46560449ms] [LOG] [HMR] connected @ http://localhost:3000/_next/static/chunks/node_modules_next_dist_115brz8._.js:2431
[46591561ms] [ERROR] WebSocket connection to 'ws://localhost:3000/_next/webpack-hmr?id=6cFDBODi6MY0lqNg_PIja' failed: Error in connection establishment: net::ERR_CONNECTION_REFUSED @ http://localhost:3000/_next/static/chunks/node_modules_next_dist_client_0fhqo1d._.js:13299
[46592566ms] [ERROR] WebSocket connection to 'ws://localhost:3000/_next/webpack-hmr?id=6cFDBODi6MY0lqNg_PIja' failed: Error in connection establishment: net::ERR_CONNECTION_REFUSED @ http://localhost:3000/_next/static/chunks/node_modules_next_dist_client_0fhqo1d._.js:13299
[46593568ms] [ERROR] WebSocket connection to 'ws://localhost:3000/_next/webpack-hmr?id=6cFDBODi6MY0lqNg_PIja' failed: Error in connection establishment: net::ERR_CONNECTION_REFUSED @ http://localhost:3000/_next/static/chunks/node_modules_next_dist_client_0fhqo1d._.js:13299
[46594573ms] [ERROR] WebSocket connection to 'ws://localhost:3000/_next/webpack-hmr?id=6cFDBODi6MY0lqNg_PIja' failed: Error in connection establishment: net::ERR_CONNECTION_REFUSED @ http://localhost:3000/_next/static/chunks/node_modules_next_dist_client_0fhqo1d._.js:13299
[46595580ms] [ERROR] WebSocket connection to 'ws://localhost:3000/_next/webpack-hmr?id=6cFDBODi6MY0lqNg_PIja' failed: Error in connection establishment: net::ERR_CONNECTION_REFUSED @ http://localhost:3000/_next/static/chunks/node_modules_next_dist_client_0fhqo1d._.js:13299
[46600583ms] [ERROR] WebSocket connection to 'ws://localhost:3000/_next/webpack-hmr?id=6cFDBODi6MY0lqNg_PIja' failed: Error in connection establishment: net::ERR_CONNECTION_REFUSED @ http://localhost:3000/_next/static/chunks/node_modules_next_dist_client_0fhqo1d._.js:13299
